[viniciusbinti.com/index.html]
[backblue.gif]
[fade.gif]
[index.html]
[viniciusbinti.com/assets/logo.jpg]
[stackpath.bootstrapcdn.com/bootstrap/4.4.1/css/bootstrap.min.css]
[viniciusbinti.com/assets/jquery.js]
[code.jquery.com/jquery-3.4.1.slim.min.js]
[kit.fontawesome.com/a076d05399.js]
[connect.facebook.net/en_US/fbevents.js]
[viniciusbinti.com/assets/vinicius.jpg]
[viniciusbinti.com/assets/garantia.png]
[code.jquery.com/jquery-3.3.1.slim.min.js]
[cdnjs.cloudflare.com/ajax/libs/popper.js/1.14.3/umd/popper.min.js]
[stackpath.bootstrapcdn.com/bootstrap/4.1.3/js/bootstrap.min.js]
[viniciusbinti.com/index.html]
[viniciusbinti.com/webfonts/fa-brands-400.eot]
[viniciusbinti.com/webfonts/fa-brands-400d41d.eot]
[viniciusbinti.com/webfonts/fa-brands-400.woff2]
[viniciusbinti.com/webfonts/fa-brands-400.woff]
[viniciusbinti.com/webfonts/fa-brands-400.ttf]
[viniciusbinti.com/webfonts/fa-brands-400.svg]
[viniciusbinti.com/webfonts/fa-regular-400.eot]
[viniciusbinti.com/webfonts/fa-regular-400d41d.eot]
[viniciusbinti.com/webfonts/fa-regular-400.woff2]
[viniciusbinti.com/webfonts/fa-regular-400.woff]
[viniciusbinti.com/webfonts/fa-regular-400.ttf]
[viniciusbinti.com/webfonts/fa-regular-400.svg]
[viniciusbinti.com/webfonts/fa-solid-900.eot]
[viniciusbinti.com/webfonts/fa-solid-900d41d.eot]
[viniciusbinti.com/webfonts/fa-solid-900.woff2]
[viniciusbinti.com/webfonts/fa-solid-900.woff]
[viniciusbinti.com/webfonts/fa-solid-900.ttf]
[viniciusbinti.com/webfonts/fa-solid-900.svg]
[viniciusbinti.com/assets/all.css]
[stackpath.bootstrapcdn.com/bootstrap/4.4.1/css/bootstrap.min.css]
[viniciusbinti.com/assets/fontawesome-all.min.css]
[viniciusbinti.com/POST]
[connect.facebook.net/en_US/fbevents.js]
[viniciusbinti.com/assets/iconscartao.svg]
[viniciusbinti.com/webfonts/fa-brands-400.html]
[viniciusbinti.com/webfonts/fa-brands-400d41d.html]
[viniciusbinti.com/webfonts/fa-brands-401.html]
[viniciusbinti.com/webfonts/fa-brands-402.html]
[viniciusbinti.com/webfonts/fa-brands-403.html]
[viniciusbinti.com/webfonts/fa-brands-404.html]
[viniciusbinti.com/webfonts/fa-regular-400.html]
[viniciusbinti.com/webfonts/fa-regular-400d41d.html]
[viniciusbinti.com/webfonts/fa-regular-401.html]
[viniciusbinti.com/webfonts/fa-regular-402.html]
[viniciusbinti.com/webfonts/fa-regular-403.html]
[viniciusbinti.com/webfonts/fa-regular-404.html]
[viniciusbinti.com/webfonts/fa-solid-900.html]
[viniciusbinti.com/webfonts/fa-solid-900d41d.html]
[viniciusbinti.com/webfonts/fa-solid-901.html]
[viniciusbinti.com/webfonts/fa-solid-902.html]
[viniciusbinti.com/webfonts/fa-solid-903.html]
[viniciusbinti.com/webfonts/fa-solid-904.html]
[viniciusbinti.com/POST.html]
